<?xml version="1.0" encoding="utf-8"?>
<Report ver="2" type="prc">
  <Bands>
    <PrintBlock>
      <Controls>
        <ReportAttribute>
          <RPT_TEXT_MODE>False</RPT_TEXT_MODE>
          <RPT_INTERNAL_NAME>gxReportAttribute1</RPT_INTERNAL_NAME>
          <RPT_ID>2</RPT_ID>
          <RPT_VISIBLE>True</RPT_VISIBLE>
          <ControlName>&amp;Pgmdesc</ControlName>
          <AttID>&amp;Pgmdesc</AttID>
          <AttType>5</AttType>
          <BaseAttType>5</BaseAttType>
          <PROP_EXT_BASE_ATT_COLLECTION>False</PROP_EXT_BASE_ATT_COLLECTION>
          <GxObjClass>1</GxObjClass>
          <isVariable>True</isVariable>
          <isAttribute>False</isAttribute>
          <ColCount>30</ColCount>
          <ControlType>Edit</ControlType>
          <IsEnumerated>False</IsEnumerated>
          <RowIndex>1</RowIndex>
          <ColIndex>1</ColIndex>
          <AttNumDim>0</AttNumDim>
          <AttCollection>False</AttCollection>
          <idIsSDControl>False</idIsSDControl>
          <RPT_TEXT>Text</RPT_TEXT>
          <RPT_X>242</RPT_X>
          <RPT_Y>0</RPT_Y>
          <RPT_WIDTH>157</RPT_WIDTH>
          <RPT_WIDTH_Default>157</RPT_WIDTH_Default>
          <RPT_HEIGHT>15</RPT_HEIGHT>
          <RPT_HEIGHT_Default>15</RPT_HEIGHT_Default>
          <RPT_FORECOLOR>Black, ARGB(255,0,0,0)</RPT_FORECOLOR>
          <RPT_BACKCOLOR>Transparent, ARGB(0,255,255,255)</RPT_BACKCOLOR>
          <RPT_BORDERS>None</RPT_BORDERS>
          <RPT_BORDERWIDTH>1</RPT_BORDERWIDTH>
          <RPT_BORDERCOLOR>Black, ARGB(255,0,0,0)</RPT_BORDERCOLOR>
          <RPT_ALIGNMENT>TopLeft</RPT_ALIGNMENT>
          <RPT_FONT>Microsoft Sans Serif, 8pt</RPT_FONT>
          <GxFormat>Text</GxFormat>
          <RPT_WORDWRAP>False</RPT_WORDWRAP>
          <AttEditNameProtected>False</AttEditNameProtected>
          <IsStandardVariable>True</IsStandardVariable>
          <idIsAutoDefinedVariable>False</idIsAutoDefinedVariable>
          <AttEditDisableArrays>False</AttEditDisableArrays>
          <AttEditNewVariable>False</AttEditNewVariable>
          <AttEditDontAssign>False</AttEditDontAssign>
        </ReportAttribute>
      </Controls>
      <Properties>
        <RPT_TEXT_MODE>False</RPT_TEXT_MODE>
        <RPT_INTERNAL_NAME>HDR</RPT_INTERNAL_NAME>
        <RPT_ID>1</RPT_ID>
        <RPT_VISIBLE>True</RPT_VISIBLE>
        <RPT_TEXT>Text</RPT_TEXT>
        <RPT_X>0</RPT_X>
        <RPT_Y>0</RPT_Y>
        <RPT_WIDTH>100</RPT_WIDTH>
        <RPT_HEIGHT>33</RPT_HEIGHT>
      </Properties>
    </PrintBlock>
    <PrintBlock>
      <Controls>
        <ReportLabel>
          <RPT_TEXT_MODE>False</RPT_TEXT_MODE>
          <RPT_INTERNAL_NAME>gxReportLabel2</RPT_INTERNAL_NAME>
          <RPT_ID>8</RPT_ID>
          <RPT_VISIBLE>True</RPT_VISIBLE>
          <RPT_TEXT>ACTUALIZA INFO</RPT_TEXT>
          <RPT_X>0</RPT_X>
          <RPT_Y>0</RPT_Y>
          <RPT_WIDTH>106</RPT_WIDTH>
          <RPT_HEIGHT>14</RPT_HEIGHT>
          <RPT_FORECOLOR>Black, ARGB(255,0,0,0)</RPT_FORECOLOR>
          <RPT_BACKCOLOR>Transparent, ARGB(0,255,255,255)</RPT_BACKCOLOR>
          <RPT_BORDERS>None</RPT_BORDERS>
          <RPT_BORDERWIDTH>1</RPT_BORDERWIDTH>
          <RPT_BORDERCOLOR>Black, ARGB(255,0,0,0)</RPT_BORDERCOLOR>
          <RPT_ALIGNMENT>TopLeft</RPT_ALIGNMENT>
          <RPT_FONT>Microsoft Sans Serif, 8pt, style=Bold</RPT_FONT>
          <RPT_WORDWRAP>False</RPT_WORDWRAP>
        </ReportLabel>
        <ReportLine>
          <RPT_TEXT_MODE>False</RPT_TEXT_MODE>
          <RPT_INTERNAL_NAME>gxReportLine1</RPT_INTERNAL_NAME>
          <RPT_ID>10</RPT_ID>
          <RPT_VISIBLE>True</RPT_VISIBLE>
          <RPT_X>0</RPT_X>
          <RPT_Y>0</RPT_Y>
          <RPT_WIDTH>842</RPT_WIDTH>
          <RPT_HEIGHT>1</RPT_HEIGHT>
          <RPT_FORECOLOR>LightGray, ARGB(255,211,211,211)</RPT_FORECOLOR>
          <RPT_LINEDIRECTION>Horizontal</RPT_LINEDIRECTION>
          <RPT_LINEWIDTH>1</RPT_LINEWIDTH>
          <RPT_ALIGNMENT>TopLeft</RPT_ALIGNMENT>
        </ReportLine>
        <ReportLabel>
          <RPT_TEXT_MODE>False</RPT_TEXT_MODE>
          <RPT_INTERNAL_NAME>gxReportLabel4</RPT_INTERNAL_NAME>
          <RPT_ID>12</RPT_ID>
          <RPT_VISIBLE>True</RPT_VISIBLE>
          <RPT_TEXT>Folio</RPT_TEXT>
          <RPT_X>50</RPT_X>
          <RPT_Y>17</RPT_Y>
          <RPT_WIDTH>24</RPT_WIDTH>
          <RPT_HEIGHT>14</RPT_HEIGHT>
          <RPT_FORECOLOR>Black, ARGB(255,0,0,0)</RPT_FORECOLOR>
          <RPT_BACKCOLOR>Transparent, ARGB(0,255,255,255)</RPT_BACKCOLOR>
          <RPT_BORDERS>None</RPT_BORDERS>
          <RPT_BORDERWIDTH>1</RPT_BORDERWIDTH>
          <RPT_BORDERCOLOR>Black, ARGB(255,0,0,0)</RPT_BORDERCOLOR>
          <RPT_ALIGNMENT>TopLeft</RPT_ALIGNMENT>
          <RPT_FONT>Microsoft Sans Serif, 8pt</RPT_FONT>
          <RPT_WORDWRAP>False</RPT_WORDWRAP>
        </ReportLabel>
        <ReportLabel>
          <RPT_TEXT_MODE>False</RPT_TEXT_MODE>
          <RPT_INTERNAL_NAME>gxReportLabel5</RPT_INTERNAL_NAME>
          <RPT_ID>13</RPT_ID>
          <RPT_VISIBLE>True</RPT_VISIBLE>
          <RPT_TEXT>ID</RPT_TEXT>
          <RPT_X>208</RPT_X>
          <RPT_Y>17</RPT_Y>
          <RPT_WIDTH>12</RPT_WIDTH>
          <RPT_HEIGHT>14</RPT_HEIGHT>
          <RPT_FORECOLOR>Black, ARGB(255,0,0,0)</RPT_FORECOLOR>
          <RPT_BACKCOLOR>Transparent, ARGB(0,255,255,255)</RPT_BACKCOLOR>
          <RPT_BORDERS>None</RPT_BORDERS>
          <RPT_BORDERWIDTH>1</RPT_BORDERWIDTH>
          <RPT_BORDERCOLOR>Black, ARGB(255,0,0,0)</RPT_BORDERCOLOR>
          <RPT_ALIGNMENT>TopLeft</RPT_ALIGNMENT>
          <RPT_FONT>Microsoft Sans Serif, 8pt</RPT_FONT>
          <RPT_WORDWRAP>False</RPT_WORDWRAP>
        </ReportLabel>
        <ReportLabel>
          <RPT_TEXT_MODE>False</RPT_TEXT_MODE>
          <RPT_INTERNAL_NAME>gxReportLabel6</RPT_INTERNAL_NAME>
          <RPT_ID>14</RPT_ID>
          <RPT_VISIBLE>True</RPT_VISIBLE>
          <RPT_TEXT>Nombre</RPT_TEXT>
          <RPT_X>50</RPT_X>
          <RPT_Y>33</RPT_Y>
          <RPT_WIDTH>40</RPT_WIDTH>
          <RPT_HEIGHT>14</RPT_HEIGHT>
          <RPT_FORECOLOR>Black, ARGB(255,0,0,0)</RPT_FORECOLOR>
          <RPT_BACKCOLOR>Transparent, ARGB(0,255,255,255)</RPT_BACKCOLOR>
          <RPT_BORDERS>None</RPT_BORDERS>
          <RPT_BORDERWIDTH>1</RPT_BORDERWIDTH>
          <RPT_BORDERCOLOR>Black, ARGB(255,0,0,0)</RPT_BORDERCOLOR>
          <RPT_ALIGNMENT>TopLeft</RPT_ALIGNMENT>
          <RPT_FONT>Microsoft Sans Serif, 8pt</RPT_FONT>
          <RPT_WORDWRAP>False</RPT_WORDWRAP>
        </ReportLabel>
        <ReportLabel>
          <RPT_TEXT_MODE>False</RPT_TEXT_MODE>
          <RPT_INTERNAL_NAME>gxReportLabel7</RPT_INTERNAL_NAME>
          <RPT_ID>15</RPT_ID>
          <RPT_VISIBLE>True</RPT_VISIBLE>
          <RPT_TEXT>Folio inicial</RPT_TEXT>
          <RPT_X>50</RPT_X>
          <RPT_Y>50</RPT_Y>
          <RPT_WIDTH>54</RPT_WIDTH>
          <RPT_HEIGHT>14</RPT_HEIGHT>
          <RPT_FORECOLOR>Black, ARGB(255,0,0,0)</RPT_FORECOLOR>
          <RPT_BACKCOLOR>Transparent, ARGB(0,255,255,255)</RPT_BACKCOLOR>
          <RPT_BORDERS>None</RPT_BORDERS>
          <RPT_BORDERWIDTH>1</RPT_BORDERWIDTH>
          <RPT_BORDERCOLOR>Black, ARGB(255,0,0,0)</RPT_BORDERCOLOR>
          <RPT_ALIGNMENT>TopLeft</RPT_ALIGNMENT>
          <RPT_FONT>Microsoft Sans Serif, 8pt</RPT_FONT>
          <RPT_WORDWRAP>False</RPT_WORDWRAP>
        </ReportLabel>
        <ReportLabel>
          <RPT_TEXT_MODE>False</RPT_TEXT_MODE>
          <RPT_INTERNAL_NAME>gxReportLabel8</RPT_INTERNAL_NAME>
          <RPT_ID>16</RPT_ID>
          <RPT_VISIBLE>True</RPT_VISIBLE>
          <RPT_TEXT>Folio final</RPT_TEXT>
          <RPT_X>208</RPT_X>
          <RPT_Y>50</RPT_Y>
          <RPT_WIDTH>47</RPT_WIDTH>
          <RPT_HEIGHT>14</RPT_HEIGHT>
          <RPT_FORECOLOR>Black, ARGB(255,0,0,0)</RPT_FORECOLOR>
          <RPT_BACKCOLOR>Transparent, ARGB(0,255,255,255)</RPT_BACKCOLOR>
          <RPT_BORDERS>None</RPT_BORDERS>
          <RPT_BORDERWIDTH>1</RPT_BORDERWIDTH>
          <RPT_BORDERCOLOR>Black, ARGB(255,0,0,0)</RPT_BORDERCOLOR>
          <RPT_ALIGNMENT>TopLeft</RPT_ALIGNMENT>
          <RPT_FONT>Microsoft Sans Serif, 8pt</RPT_FONT>
          <RPT_WORDWRAP>False</RPT_WORDWRAP>
        </ReportLabel>
        <ReportLabel>
          <RPT_TEXT_MODE>False</RPT_TEXT_MODE>
          <RPT_INTERNAL_NAME>gxReportLabel9</RPT_INTERNAL_NAME>
          <RPT_ID>17</RPT_ID>
          <RPT_VISIBLE>True</RPT_VISIBLE>
          <RPT_TEXT>No piezas</RPT_TEXT>
          <RPT_X>50</RPT_X>
          <RPT_Y>67</RPT_Y>
          <RPT_WIDTH>50</RPT_WIDTH>
          <RPT_HEIGHT>14</RPT_HEIGHT>
          <RPT_FORECOLOR>Black, ARGB(255,0,0,0)</RPT_FORECOLOR>
          <RPT_BACKCOLOR>Transparent, ARGB(0,255,255,255)</RPT_BACKCOLOR>
          <RPT_BORDERS>None</RPT_BORDERS>
          <RPT_BORDERWIDTH>1</RPT_BORDERWIDTH>
          <RPT_BORDERCOLOR>Black, ARGB(255,0,0,0)</RPT_BORDERCOLOR>
          <RPT_ALIGNMENT>TopLeft</RPT_ALIGNMENT>
          <RPT_FONT>Microsoft Sans Serif, 8pt</RPT_FONT>
          <RPT_WORDWRAP>False</RPT_WORDWRAP>
        </ReportLabel>
        <ReportLabel>
          <RPT_TEXT_MODE>False</RPT_TEXT_MODE>
          <RPT_INTERNAL_NAME>gxReportLabel10</RPT_INTERNAL_NAME>
          <RPT_ID>18</RPT_ID>
          <RPT_VISIBLE>True</RPT_VISIBLE>
          <RPT_TEXT>Tipo embalaje</RPT_TEXT>
          <RPT_X>208</RPT_X>
          <RPT_Y>67</RPT_Y>
          <RPT_WIDTH>70</RPT_WIDTH>
          <RPT_HEIGHT>14</RPT_HEIGHT>
          <RPT_FORECOLOR>Black, ARGB(255,0,0,0)</RPT_FORECOLOR>
          <RPT_BACKCOLOR>Transparent, ARGB(0,255,255,255)</RPT_BACKCOLOR>
          <RPT_BORDERS>None</RPT_BORDERS>
          <RPT_BORDERWIDTH>1</RPT_BORDERWIDTH>
          <RPT_BORDERCOLOR>Black, ARGB(255,0,0,0)</RPT_BORDERCOLOR>
          <RPT_ALIGNMENT>TopLeft</RPT_ALIGNMENT>
          <RPT_FONT>Microsoft Sans Serif, 8pt</RPT_FONT>
          <RPT_WORDWRAP>False</RPT_WORDWRAP>
        </ReportLabel>
        <ReportAttribute>
          <RPT_TEXT_MODE>False</RPT_TEXT_MODE>
          <RPT_INTERNAL_NAME>gxReportAttribute3</RPT_INTERNAL_NAME>
          <RPT_ID>19</RPT_ID>
          <RPT_VISIBLE>True</RPT_VISIBLE>
          <ControlName>&amp;GobMX_03043Folio</ControlName>
          <AttID>&amp;GobMX_03043Folio</AttID>
          <AttType>4</AttType>
          <BaseAttType>4</BaseAttType>
          <PROP_EXT_BASE_ATT_COLLECTION>False</PROP_EXT_BASE_ATT_COLLECTION>
          <GxObjClass>1</GxObjClass>
          <isVariable>True</isVariable>
          <isAttribute>False</isAttribute>
          <ColCount>10</ColCount>
          <ControlType>Edit</ControlType>
          <IsEnumerated>False</IsEnumerated>
          <RowIndex>1</RowIndex>
          <ColIndex>1</ColIndex>
          <AttNumDim>0</AttNumDim>
          <AttCollection>False</AttCollection>
          <idIsSDControl>False</idIsSDControl>
          <RPT_TEXT>Text</RPT_TEXT>
          <RPT_X>108</RPT_X>
          <RPT_Y>17</RPT_Y>
          <RPT_WIDTH>64</RPT_WIDTH>
          <RPT_WIDTH_Default>64</RPT_WIDTH_Default>
          <RPT_HEIGHT>15</RPT_HEIGHT>
          <RPT_HEIGHT_Default>15</RPT_HEIGHT_Default>
          <RPT_FORECOLOR>Black, ARGB(255,0,0,0)</RPT_FORECOLOR>
          <RPT_BACKCOLOR>Transparent, ARGB(0,255,255,255)</RPT_BACKCOLOR>
          <RPT_BORDERS>None</RPT_BORDERS>
          <RPT_BORDERWIDTH>1</RPT_BORDERWIDTH>
          <RPT_BORDERCOLOR>Black, ARGB(255,0,0,0)</RPT_BORDERCOLOR>
          <RPT_ALIGNMENT>TopRight</RPT_ALIGNMENT>
          <RPT_FONT>Microsoft Sans Serif, 8pt</RPT_FONT>
          <GxFormat>Text</GxFormat>
          <RPT_WORDWRAP>False</RPT_WORDWRAP>
          <AttEditNameProtected>False</AttEditNameProtected>
          <IsStandardVariable>False</IsStandardVariable>
          <idIsAutoDefinedVariable>False</idIsAutoDefinedVariable>
          <AttEditDisableArrays>False</AttEditDisableArrays>
          <AttEditNewVariable>False</AttEditNewVariable>
          <AttEditDontAssign>False</AttEditDontAssign>
        </ReportAttribute>
        <ReportAttribute>
          <RPT_TEXT_MODE>False</RPT_TEXT_MODE>
          <RPT_INTERNAL_NAME>gxReportAttribute4</RPT_INTERNAL_NAME>
          <RPT_ID>20</RPT_ID>
          <RPT_VISIBLE>True</RPT_VISIBLE>
          <ControlName>&amp;GobMX_03043Id</ControlName>
          <AttID>&amp;GobMX_03043Id</AttID>
          <AttType>4</AttType>
          <BaseAttType>4</BaseAttType>
          <PROP_EXT_BASE_ATT_COLLECTION>False</PROP_EXT_BASE_ATT_COLLECTION>
          <GxObjClass>1</GxObjClass>
          <isVariable>True</isVariable>
          <isAttribute>False</isAttribute>
          <ColCount>10</ColCount>
          <ControlType>Edit</ControlType>
          <IsEnumerated>False</IsEnumerated>
          <RowIndex>1</RowIndex>
          <ColIndex>1</ColIndex>
          <AttNumDim>0</AttNumDim>
          <AttCollection>False</AttCollection>
          <idIsSDControl>False</idIsSDControl>
          <RPT_TEXT>Text</RPT_TEXT>
          <RPT_X>267</RPT_X>
          <RPT_Y>17</RPT_Y>
          <RPT_WIDTH>64</RPT_WIDTH>
          <RPT_WIDTH_Default>64</RPT_WIDTH_Default>
          <RPT_HEIGHT>15</RPT_HEIGHT>
          <RPT_HEIGHT_Default>15</RPT_HEIGHT_Default>
          <RPT_FORECOLOR>Black, ARGB(255,0,0,0)</RPT_FORECOLOR>
          <RPT_BACKCOLOR>Transparent, ARGB(0,255,255,255)</RPT_BACKCOLOR>
          <RPT_BORDERS>None</RPT_BORDERS>
          <RPT_BORDERWIDTH>1</RPT_BORDERWIDTH>
          <RPT_BORDERCOLOR>Black, ARGB(255,0,0,0)</RPT_BORDERCOLOR>
          <RPT_ALIGNMENT>TopRight</RPT_ALIGNMENT>
          <RPT_FONT>Microsoft Sans Serif, 8pt</RPT_FONT>
          <GxFormat>Text</GxFormat>
          <RPT_WORDWRAP>False</RPT_WORDWRAP>
          <AttEditNameProtected>False</AttEditNameProtected>
          <IsStandardVariable>False</IsStandardVariable>
          <idIsAutoDefinedVariable>False</idIsAutoDefinedVariable>
          <AttEditDisableArrays>False</AttEditDisableArrays>
          <AttEditNewVariable>False</AttEditNewVariable>
          <AttEditDontAssign>False</AttEditDontAssign>
        </ReportAttribute>
        <ReportAttribute>
          <RPT_TEXT_MODE>False</RPT_TEXT_MODE>
          <RPT_INTERNAL_NAME>gxReportAttribute5</RPT_INTERNAL_NAME>
          <RPT_ID>21</RPT_ID>
          <RPT_VISIBLE>True</RPT_VISIBLE>
          <ControlName>&amp;GobMX_03043Nombre</ControlName>
          <AttID>&amp;GobMX_03043Nombre</AttID>
          <AttType>13</AttType>
          <BaseAttType>13</BaseAttType>
          <PROP_EXT_BASE_ATT_COLLECTION>False</PROP_EXT_BASE_ATT_COLLECTION>
          <GxObjClass>1</GxObjClass>
          <isVariable>True</isVariable>
          <isAttribute>False</isAttribute>
          <ColCount>100</ColCount>
          <ControlType>Edit</ControlType>
          <IsEnumerated>False</IsEnumerated>
          <RowIndex>1</RowIndex>
          <ColIndex>1</ColIndex>
          <AttNumDim>0</AttNumDim>
          <AttCollection>False</AttCollection>
          <idIsSDControl>False</idIsSDControl>
          <RPT_TEXT>Text</RPT_TEXT>
          <RPT_X>108</RPT_X>
          <RPT_Y>33</RPT_Y>
          <RPT_WIDTH>522</RPT_WIDTH>
          <RPT_WIDTH_Default>522</RPT_WIDTH_Default>
          <RPT_HEIGHT>15</RPT_HEIGHT>
          <RPT_HEIGHT_Default>15</RPT_HEIGHT_Default>
          <RPT_FORECOLOR>Black, ARGB(255,0,0,0)</RPT_FORECOLOR>
          <RPT_BACKCOLOR>Transparent, ARGB(0,255,255,255)</RPT_BACKCOLOR>
          <RPT_BORDERS>None</RPT_BORDERS>
          <RPT_BORDERWIDTH>1</RPT_BORDERWIDTH>
          <RPT_BORDERCOLOR>Black, ARGB(255,0,0,0)</RPT_BORDERCOLOR>
          <RPT_ALIGNMENT>TopLeft</RPT_ALIGNMENT>
          <RPT_FONT>Microsoft Sans Serif, 8pt</RPT_FONT>
          <GxFormat>Text</GxFormat>
          <RPT_WORDWRAP>False</RPT_WORDWRAP>
          <AttEditNameProtected>False</AttEditNameProtected>
          <IsStandardVariable>False</IsStandardVariable>
          <idIsAutoDefinedVariable>False</idIsAutoDefinedVariable>
          <AttEditDisableArrays>False</AttEditDisableArrays>
          <AttEditNewVariable>False</AttEditNewVariable>
          <AttEditDontAssign>False</AttEditDontAssign>
        </ReportAttribute>
        <ReportAttribute>
          <RPT_TEXT_MODE>False</RPT_TEXT_MODE>
          <RPT_INTERNAL_NAME>gxReportAttribute6</RPT_INTERNAL_NAME>
          <RPT_ID>22</RPT_ID>
          <RPT_VISIBLE>True</RPT_VISIBLE>
          <ControlName>&amp;GobMX_03043FolioInicial</ControlName>
          <AttID>&amp;GobMX_03043FolioInicial</AttID>
          <AttType>13</AttType>
          <BaseAttType>13</BaseAttType>
          <PROP_EXT_BASE_ATT_COLLECTION>False</PROP_EXT_BASE_ATT_COLLECTION>
          <GxObjClass>1</GxObjClass>
          <isVariable>True</isVariable>
          <isAttribute>False</isAttribute>
          <ColCount>10</ColCount>
          <ControlType>Edit</ControlType>
          <IsEnumerated>False</IsEnumerated>
          <RowIndex>1</RowIndex>
          <ColIndex>1</ColIndex>
          <AttNumDim>0</AttNumDim>
          <AttCollection>False</AttCollection>
          <idIsSDControl>False</idIsSDControl>
          <RPT_TEXT>Text</RPT_TEXT>
          <RPT_X>108</RPT_X>
          <RPT_Y>50</RPT_Y>
          <RPT_WIDTH>53</RPT_WIDTH>
          <RPT_WIDTH_Default>53</RPT_WIDTH_Default>
          <RPT_HEIGHT>15</RPT_HEIGHT>
          <RPT_HEIGHT_Default>15</RPT_HEIGHT_Default>
          <RPT_FORECOLOR>Black, ARGB(255,0,0,0)</RPT_FORECOLOR>
          <RPT_BACKCOLOR>Transparent, ARGB(0,255,255,255)</RPT_BACKCOLOR>
          <RPT_BORDERS>None</RPT_BORDERS>
          <RPT_BORDERWIDTH>1</RPT_BORDERWIDTH>
          <RPT_BORDERCOLOR>Black, ARGB(255,0,0,0)</RPT_BORDERCOLOR>
          <RPT_ALIGNMENT>TopLeft</RPT_ALIGNMENT>
          <RPT_FONT>Microsoft Sans Serif, 8pt</RPT_FONT>
          <GxFormat>Text</GxFormat>
          <RPT_WORDWRAP>False</RPT_WORDWRAP>
          <AttEditNameProtected>False</AttEditNameProtected>
          <IsStandardVariable>False</IsStandardVariable>
          <idIsAutoDefinedVariable>False</idIsAutoDefinedVariable>
          <AttEditDisableArrays>False</AttEditDisableArrays>
          <AttEditNewVariable>False</AttEditNewVariable>
          <AttEditDontAssign>False</AttEditDontAssign>
        </ReportAttribute>
        <ReportAttribute>
          <RPT_TEXT_MODE>False</RPT_TEXT_MODE>
          <RPT_INTERNAL_NAME>gxReportAttribute7</RPT_INTERNAL_NAME>
          <RPT_ID>23</RPT_ID>
          <RPT_VISIBLE>True</RPT_VISIBLE>
          <ControlName>&amp;GobMX_03043FolioFinal</ControlName>
          <AttID>&amp;GobMX_03043FolioFinal</AttID>
          <AttType>13</AttType>
          <BaseAttType>13</BaseAttType>
          <PROP_EXT_BASE_ATT_COLLECTION>False</PROP_EXT_BASE_ATT_COLLECTION>
          <GxObjClass>1</GxObjClass>
          <isVariable>True</isVariable>
          <isAttribute>False</isAttribute>
          <ColCount>10</ColCount>
          <ControlType>Edit</ControlType>
          <IsEnumerated>False</IsEnumerated>
          <RowIndex>1</RowIndex>
          <ColIndex>1</ColIndex>
          <AttNumDim>0</AttNumDim>
          <AttCollection>False</AttCollection>
          <idIsSDControl>False</idIsSDControl>
          <RPT_TEXT>Text</RPT_TEXT>
          <RPT_X>267</RPT_X>
          <RPT_Y>50</RPT_Y>
          <RPT_WIDTH>53</RPT_WIDTH>
          <RPT_WIDTH_Default>53</RPT_WIDTH_Default>
          <RPT_HEIGHT>15</RPT_HEIGHT>
          <RPT_HEIGHT_Default>15</RPT_HEIGHT_Default>
          <RPT_FORECOLOR>Black, ARGB(255,0,0,0)</RPT_FORECOLOR>
          <RPT_BACKCOLOR>Transparent, ARGB(0,255,255,255)</RPT_BACKCOLOR>
          <RPT_BORDERS>None</RPT_BORDERS>
          <RPT_BORDERWIDTH>1</RPT_BORDERWIDTH>
          <RPT_BORDERCOLOR>Black, ARGB(255,0,0,0)</RPT_BORDERCOLOR>
          <RPT_ALIGNMENT>TopLeft</RPT_ALIGNMENT>
          <RPT_FONT>Microsoft Sans Serif, 8pt</RPT_FONT>
          <GxFormat>Text</GxFormat>
          <RPT_WORDWRAP>False</RPT_WORDWRAP>
          <AttEditNameProtected>False</AttEditNameProtected>
          <IsStandardVariable>False</IsStandardVariable>
          <idIsAutoDefinedVariable>False</idIsAutoDefinedVariable>
          <AttEditDisableArrays>False</AttEditDisableArrays>
          <AttEditNewVariable>False</AttEditNewVariable>
          <AttEditDontAssign>False</AttEditDontAssign>
        </ReportAttribute>
        <ReportLabel>
          <RPT_TEXT_MODE>False</RPT_TEXT_MODE>
          <RPT_INTERNAL_NAME>gxReportLabel11</RPT_INTERNAL_NAME>
          <RPT_ID>24</RPT_ID>
          <RPT_VISIBLE>True</RPT_VISIBLE>
          <RPT_TEXT>Condiciones</RPT_TEXT>
          <RPT_X>433</RPT_X>
          <RPT_Y>67</RPT_Y>
          <RPT_WIDTH>61</RPT_WIDTH>
          <RPT_HEIGHT>14</RPT_HEIGHT>
          <RPT_FORECOLOR>Black, ARGB(255,0,0,0)</RPT_FORECOLOR>
          <RPT_BACKCOLOR>Transparent, ARGB(0,255,255,255)</RPT_BACKCOLOR>
          <RPT_BORDERS>None</RPT_BORDERS>
          <RPT_BORDERWIDTH>1</RPT_BORDERWIDTH>
          <RPT_BORDERCOLOR>Black, ARGB(255,0,0,0)</RPT_BORDERCOLOR>
          <RPT_ALIGNMENT>TopLeft</RPT_ALIGNMENT>
          <RPT_FONT>Microsoft Sans Serif, 8pt</RPT_FONT>
          <RPT_WORDWRAP>False</RPT_WORDWRAP>
        </ReportLabel>
        <ReportAttribute>
          <RPT_TEXT_MODE>False</RPT_TEXT_MODE>
          <RPT_INTERNAL_NAME>gxReportAttribute8</RPT_INTERNAL_NAME>
          <RPT_ID>25</RPT_ID>
          <RPT_VISIBLE>True</RPT_VISIBLE>
          <ControlName>&amp;GobMX_03043NumeroPiezas</ControlName>
          <AttID>&amp;GobMX_03043NumeroPiezas</AttID>
          <AttType>4</AttType>
          <BaseAttType>4</BaseAttType>
          <PROP_EXT_BASE_ATT_COLLECTION>False</PROP_EXT_BASE_ATT_COLLECTION>
          <GxObjClass>1</GxObjClass>
          <isVariable>True</isVariable>
          <isAttribute>False</isAttribute>
          <ColCount>15</ColCount>
          <ControlType>Edit</ControlType>
          <IsEnumerated>False</IsEnumerated>
          <RowIndex>1</RowIndex>
          <ColIndex>1</ColIndex>
          <AttNumDim>0</AttNumDim>
          <AttCollection>False</AttCollection>
          <idIsSDControl>False</idIsSDControl>
          <RPT_TEXT>Text</RPT_TEXT>
          <RPT_X>108</RPT_X>
          <RPT_Y>67</RPT_Y>
          <RPT_WIDTH>95</RPT_WIDTH>
          <RPT_WIDTH_Default>95</RPT_WIDTH_Default>
          <RPT_HEIGHT>15</RPT_HEIGHT>
          <RPT_HEIGHT_Default>15</RPT_HEIGHT_Default>
          <RPT_FORECOLOR>Black, ARGB(255,0,0,0)</RPT_FORECOLOR>
          <RPT_BACKCOLOR>Transparent, ARGB(0,255,255,255)</RPT_BACKCOLOR>
          <RPT_BORDERS>None</RPT_BORDERS>
          <RPT_BORDERWIDTH>1</RPT_BORDERWIDTH>
          <RPT_BORDERCOLOR>Black, ARGB(255,0,0,0)</RPT_BORDERCOLOR>
          <RPT_ALIGNMENT>TopRight</RPT_ALIGNMENT>
          <RPT_FONT>Microsoft Sans Serif, 8pt</RPT_FONT>
          <GxFormat>Text</GxFormat>
          <RPT_WORDWRAP>False</RPT_WORDWRAP>
          <AttEditNameProtected>False</AttEditNameProtected>
          <IsStandardVariable>False</IsStandardVariable>
          <idIsAutoDefinedVariable>False</idIsAutoDefinedVariable>
          <AttEditDisableArrays>False</AttEditDisableArrays>
          <AttEditNewVariable>False</AttEditNewVariable>
          <AttEditDontAssign>False</AttEditDontAssign>
        </ReportAttribute>
        <ReportAttribute>
          <RPT_TEXT_MODE>False</RPT_TEXT_MODE>
          <RPT_INTERNAL_NAME>gxReportAttribute9</RPT_INTERNAL_NAME>
          <RPT_ID>26</RPT_ID>
          <RPT_VISIBLE>True</RPT_VISIBLE>
          <ControlName>&amp;GobMX_03043TipoEmbalaje</ControlName>
          <AttID>&amp;GobMX_03043TipoEmbalaje</AttID>
          <AttType>4</AttType>
          <BaseAttType>4</BaseAttType>
          <PROP_EXT_BASE_ATT_COLLECTION>False</PROP_EXT_BASE_ATT_COLLECTION>
          <GxObjClass>1</GxObjClass>
          <isVariable>True</isVariable>
          <isAttribute>False</isAttribute>
          <ColCount>2</ColCount>
          <ControlType>Edit</ControlType>
          <IsEnumerated>False</IsEnumerated>
          <RowIndex>1</RowIndex>
          <ColIndex>1</ColIndex>
          <AttNumDim>0</AttNumDim>
          <AttCollection>False</AttCollection>
          <idIsSDControl>False</idIsSDControl>
          <RPT_TEXT>Text</RPT_TEXT>
          <RPT_X>283</RPT_X>
          <RPT_Y>67</RPT_Y>
          <RPT_WIDTH>14</RPT_WIDTH>
          <RPT_WIDTH_Default>14</RPT_WIDTH_Default>
          <RPT_HEIGHT>15</RPT_HEIGHT>
          <RPT_HEIGHT_Default>15</RPT_HEIGHT_Default>
          <RPT_FORECOLOR>Black, ARGB(255,0,0,0)</RPT_FORECOLOR>
          <RPT_BACKCOLOR>Transparent, ARGB(0,255,255,255)</RPT_BACKCOLOR>
          <RPT_BORDERS>None</RPT_BORDERS>
          <RPT_BORDERWIDTH>1</RPT_BORDERWIDTH>
          <RPT_BORDERCOLOR>Black, ARGB(255,0,0,0)</RPT_BORDERCOLOR>
          <RPT_ALIGNMENT>TopRight</RPT_ALIGNMENT>
          <RPT_FONT>Microsoft Sans Serif, 8pt</RPT_FONT>
          <GxFormat>Text</GxFormat>
          <RPT_WORDWRAP>False</RPT_WORDWRAP>
          <AttEditNameProtected>False</AttEditNameProtected>
          <IsStandardVariable>False</IsStandardVariable>
          <idIsAutoDefinedVariable>False</idIsAutoDefinedVariable>
          <AttEditDisableArrays>False</AttEditDisableArrays>
          <AttEditNewVariable>False</AttEditNewVariable>
          <AttEditDontAssign>False</AttEditDontAssign>
        </ReportAttribute>
        <ReportAttribute>
          <RPT_TEXT_MODE>False</RPT_TEXT_MODE>
          <RPT_INTERNAL_NAME>gxReportAttribute10</RPT_INTERNAL_NAME>
          <RPT_ID>27</RPT_ID>
          <RPT_VISIBLE>True</RPT_VISIBLE>
          <ControlName>&amp;GobMX_03043Condiciones</ControlName>
          <AttID>&amp;GobMX_03043Condiciones</AttID>
          <AttType>4</AttType>
          <BaseAttType>4</BaseAttType>
          <PROP_EXT_BASE_ATT_COLLECTION>False</PROP_EXT_BASE_ATT_COLLECTION>
          <GxObjClass>1</GxObjClass>
          <isVariable>True</isVariable>
          <isAttribute>False</isAttribute>
          <ColCount>2</ColCount>
          <ControlType>Edit</ControlType>
          <IsEnumerated>False</IsEnumerated>
          <RowIndex>1</RowIndex>
          <ColIndex>1</ColIndex>
          <AttNumDim>0</AttNumDim>
          <AttCollection>False</AttCollection>
          <idIsSDControl>False</idIsSDControl>
          <RPT_TEXT>Text</RPT_TEXT>
          <RPT_X>500</RPT_X>
          <RPT_Y>67</RPT_Y>
          <RPT_WIDTH>14</RPT_WIDTH>
          <RPT_WIDTH_Default>14</RPT_WIDTH_Default>
          <RPT_HEIGHT>15</RPT_HEIGHT>
          <RPT_HEIGHT_Default>15</RPT_HEIGHT_Default>
          <RPT_FORECOLOR>Black, ARGB(255,0,0,0)</RPT_FORECOLOR>
          <RPT_BACKCOLOR>Transparent, ARGB(0,255,255,255)</RPT_BACKCOLOR>
          <RPT_BORDERS>None</RPT_BORDERS>
          <RPT_BORDERWIDTH>1</RPT_BORDERWIDTH>
          <RPT_BORDERCOLOR>Black, ARGB(255,0,0,0)</RPT_BORDERCOLOR>
          <RPT_ALIGNMENT>TopRight</RPT_ALIGNMENT>
          <RPT_FONT>Microsoft Sans Serif, 8pt</RPT_FONT>
          <GxFormat>Text</GxFormat>
          <RPT_WORDWRAP>False</RPT_WORDWRAP>
          <AttEditNameProtected>False</AttEditNameProtected>
          <IsStandardVariable>False</IsStandardVariable>
          <idIsAutoDefinedVariable>False</idIsAutoDefinedVariable>
          <AttEditDisableArrays>False</AttEditDisableArrays>
          <AttEditNewVariable>False</AttEditNewVariable>
          <AttEditDontAssign>False</AttEditDontAssign>
        </ReportAttribute>
      </Controls>
      <Properties>
        <RPT_TEXT_MODE>False</RPT_TEXT_MODE>
        <RPT_INTERNAL_NAME>ACTUALIZA</RPT_INTERNAL_NAME>
        <RPT_ID>6</RPT_ID>
        <RPT_VISIBLE>True</RPT_VISIBLE>
        <RPT_TEXT>Text</RPT_TEXT>
        <RPT_X>0</RPT_X>
        <RPT_Y>0</RPT_Y>
        <RPT_WIDTH>100</RPT_WIDTH>
        <RPT_HEIGHT>100</RPT_HEIGHT>
      </Properties>
    </PrintBlock>
    <PrintBlock>
      <Controls>
        <ReportLabel>
          <RPT_TEXT_MODE>False</RPT_TEXT_MODE>
          <RPT_INTERNAL_NAME>gxReportLabel3</RPT_INTERNAL_NAME>
          <RPT_ID>9</RPT_ID>
          <RPT_VISIBLE>True</RPT_VISIBLE>
          <RPT_TEXT>INSERTA INFO</RPT_TEXT>
          <RPT_X>42</RPT_X>
          <RPT_Y>0</RPT_Y>
          <RPT_WIDTH>92</RPT_WIDTH>
          <RPT_HEIGHT>14</RPT_HEIGHT>
          <RPT_FORECOLOR>Black, ARGB(255,0,0,0)</RPT_FORECOLOR>
          <RPT_BACKCOLOR>Transparent, ARGB(0,255,255,255)</RPT_BACKCOLOR>
          <RPT_BORDERS>None</RPT_BORDERS>
          <RPT_BORDERWIDTH>1</RPT_BORDERWIDTH>
          <RPT_BORDERCOLOR>Black, ARGB(255,0,0,0)</RPT_BORDERCOLOR>
          <RPT_ALIGNMENT>TopLeft</RPT_ALIGNMENT>
          <RPT_FONT>Microsoft Sans Serif, 8pt, style=Bold</RPT_FONT>
          <RPT_WORDWRAP>False</RPT_WORDWRAP>
        </ReportLabel>
        <ReportLine>
          <RPT_TEXT_MODE>False</RPT_TEXT_MODE>
          <RPT_INTERNAL_NAME>gxReportLine2</RPT_INTERNAL_NAME>
          <RPT_ID>11</RPT_ID>
          <RPT_VISIBLE>True</RPT_VISIBLE>
          <RPT_X>0</RPT_X>
          <RPT_Y>0</RPT_Y>
          <RPT_WIDTH>842</RPT_WIDTH>
          <RPT_HEIGHT>1</RPT_HEIGHT>
          <RPT_FORECOLOR>LightGray, ARGB(255,211,211,211)</RPT_FORECOLOR>
          <RPT_LINEDIRECTION>Horizontal</RPT_LINEDIRECTION>
          <RPT_LINEWIDTH>1</RPT_LINEWIDTH>
          <RPT_ALIGNMENT>TopLeft</RPT_ALIGNMENT>
        </ReportLine>
        <ReportAttribute>
          <RPT_TEXT_MODE>False</RPT_TEXT_MODE>
          <RPT_INTERNAL_NAME>gxReportAttribute11</RPT_INTERNAL_NAME>
          <RPT_ID>28</RPT_ID>
          <RPT_VISIBLE>True</RPT_VISIBLE>
          <ControlName>&amp;GobMX_03043Condiciones</ControlName>
          <AttID>&amp;GobMX_03043Condiciones</AttID>
          <AttType>4</AttType>
          <BaseAttType>4</BaseAttType>
          <PROP_EXT_BASE_ATT_COLLECTION>False</PROP_EXT_BASE_ATT_COLLECTION>
          <GxObjClass>1</GxObjClass>
          <isVariable>True</isVariable>
          <isAttribute>False</isAttribute>
          <ColCount>2</ColCount>
          <ControlType>Edit</ControlType>
          <IsEnumerated>False</IsEnumerated>
          <RowIndex>1</RowIndex>
          <ColIndex>1</ColIndex>
          <AttNumDim>0</AttNumDim>
          <AttCollection>False</AttCollection>
          <idIsSDControl>False</idIsSDControl>
          <RPT_TEXT>Text</RPT_TEXT>
          <RPT_X>550</RPT_X>
          <RPT_Y>67</RPT_Y>
          <RPT_WIDTH>14</RPT_WIDTH>
          <RPT_WIDTH_Default>14</RPT_WIDTH_Default>
          <RPT_HEIGHT>15</RPT_HEIGHT>
          <RPT_HEIGHT_Default>15</RPT_HEIGHT_Default>
          <RPT_FORECOLOR>Black, ARGB(255,0,0,0)</RPT_FORECOLOR>
          <RPT_BACKCOLOR>Transparent, ARGB(0,255,255,255)</RPT_BACKCOLOR>
          <RPT_BORDERS>None</RPT_BORDERS>
          <RPT_BORDERWIDTH>1</RPT_BORDERWIDTH>
          <RPT_BORDERCOLOR>Black, ARGB(255,0,0,0)</RPT_BORDERCOLOR>
          <RPT_ALIGNMENT>TopRight</RPT_ALIGNMENT>
          <RPT_FONT>Microsoft Sans Serif, 8pt</RPT_FONT>
          <GxFormat>Text</GxFormat>
          <RPT_WORDWRAP>False</RPT_WORDWRAP>
          <AttEditNameProtected>False</AttEditNameProtected>
          <IsStandardVariable>False</IsStandardVariable>
          <idIsAutoDefinedVariable>False</idIsAutoDefinedVariable>
          <AttEditDisableArrays>False</AttEditDisableArrays>
          <AttEditNewVariable>False</AttEditNewVariable>
          <AttEditDontAssign>False</AttEditDontAssign>
        </ReportAttribute>
        <ReportAttribute>
          <RPT_TEXT_MODE>False</RPT_TEXT_MODE>
          <RPT_INTERNAL_NAME>gxReportAttribute12</RPT_INTERNAL_NAME>
          <RPT_ID>29</RPT_ID>
          <RPT_VISIBLE>True</RPT_VISIBLE>
          <ControlName>&amp;GobMX_03043TipoEmbalaje</ControlName>
          <AttID>&amp;GobMX_03043TipoEmbalaje</AttID>
          <AttType>4</AttType>
          <BaseAttType>4</BaseAttType>
          <PROP_EXT_BASE_ATT_COLLECTION>False</PROP_EXT_BASE_ATT_COLLECTION>
          <GxObjClass>1</GxObjClass>
          <isVariable>True</isVariable>
          <isAttribute>False</isAttribute>
          <ColCount>2</ColCount>
          <ControlType>Edit</ControlType>
          <IsEnumerated>False</IsEnumerated>
          <RowIndex>1</RowIndex>
          <ColIndex>1</ColIndex>
          <AttNumDim>0</AttNumDim>
          <AttCollection>False</AttCollection>
          <idIsSDControl>False</idIsSDControl>
          <RPT_TEXT>Text</RPT_TEXT>
          <RPT_X>333</RPT_X>
          <RPT_Y>67</RPT_Y>
          <RPT_WIDTH>14</RPT_WIDTH>
          <RPT_WIDTH_Default>14</RPT_WIDTH_Default>
          <RPT_HEIGHT>15</RPT_HEIGHT>
          <RPT_HEIGHT_Default>15</RPT_HEIGHT_Default>
          <RPT_FORECOLOR>Black, ARGB(255,0,0,0)</RPT_FORECOLOR>
          <RPT_BACKCOLOR>Transparent, ARGB(0,255,255,255)</RPT_BACKCOLOR>
          <RPT_BORDERS>None</RPT_BORDERS>
          <RPT_BORDERWIDTH>1</RPT_BORDERWIDTH>
          <RPT_BORDERCOLOR>Black, ARGB(255,0,0,0)</RPT_BORDERCOLOR>
          <RPT_ALIGNMENT>TopRight</RPT_ALIGNMENT>
          <RPT_FONT>Microsoft Sans Serif, 8pt</RPT_FONT>
          <GxFormat>Text</GxFormat>
          <RPT_WORDWRAP>False</RPT_WORDWRAP>
          <AttEditNameProtected>False</AttEditNameProtected>
          <IsStandardVariable>False</IsStandardVariable>
          <idIsAutoDefinedVariable>False</idIsAutoDefinedVariable>
          <AttEditDisableArrays>False</AttEditDisableArrays>
          <AttEditNewVariable>False</AttEditNewVariable>
          <AttEditDontAssign>False</AttEditDontAssign>
        </ReportAttribute>
        <ReportAttribute>
          <RPT_TEXT_MODE>False</RPT_TEXT_MODE>
          <RPT_INTERNAL_NAME>gxReportAttribute13</RPT_INTERNAL_NAME>
          <RPT_ID>30</RPT_ID>
          <RPT_VISIBLE>True</RPT_VISIBLE>
          <ControlName>&amp;GobMX_03043NumeroPiezas</ControlName>
          <AttID>&amp;GobMX_03043NumeroPiezas</AttID>
          <AttType>4</AttType>
          <BaseAttType>4</BaseAttType>
          <PROP_EXT_BASE_ATT_COLLECTION>False</PROP_EXT_BASE_ATT_COLLECTION>
          <GxObjClass>1</GxObjClass>
          <isVariable>True</isVariable>
          <isAttribute>False</isAttribute>
          <ColCount>15</ColCount>
          <ControlType>Edit</ControlType>
          <IsEnumerated>False</IsEnumerated>
          <RowIndex>1</RowIndex>
          <ColIndex>1</ColIndex>
          <AttNumDim>0</AttNumDim>
          <AttCollection>False</AttCollection>
          <idIsSDControl>False</idIsSDControl>
          <RPT_TEXT>Text</RPT_TEXT>
          <RPT_X>158</RPT_X>
          <RPT_Y>67</RPT_Y>
          <RPT_WIDTH>95</RPT_WIDTH>
          <RPT_WIDTH_Default>95</RPT_WIDTH_Default>
          <RPT_HEIGHT>15</RPT_HEIGHT>
          <RPT_HEIGHT_Default>15</RPT_HEIGHT_Default>
          <RPT_FORECOLOR>Black, ARGB(255,0,0,0)</RPT_FORECOLOR>
          <RPT_BACKCOLOR>Transparent, ARGB(0,255,255,255)</RPT_BACKCOLOR>
          <RPT_BORDERS>None</RPT_BORDERS>
          <RPT_BORDERWIDTH>1</RPT_BORDERWIDTH>
          <RPT_BORDERCOLOR>Black, ARGB(255,0,0,0)</RPT_BORDERCOLOR>
          <RPT_ALIGNMENT>TopRight</RPT_ALIGNMENT>
          <RPT_FONT>Microsoft Sans Serif, 8pt</RPT_FONT>
          <GxFormat>Text</GxFormat>
          <RPT_WORDWRAP>False</RPT_WORDWRAP>
          <AttEditNameProtected>False</AttEditNameProtected>
          <IsStandardVariable>False</IsStandardVariable>
          <idIsAutoDefinedVariable>False</idIsAutoDefinedVariable>
          <AttEditDisableArrays>False</AttEditDisableArrays>
          <AttEditNewVariable>False</AttEditNewVariable>
          <AttEditDontAssign>False</AttEditDontAssign>
        </ReportAttribute>
        <ReportLabel>
          <RPT_TEXT_MODE>False</RPT_TEXT_MODE>
          <RPT_INTERNAL_NAME>gxReportLabel12</RPT_INTERNAL_NAME>
          <RPT_ID>31</RPT_ID>
          <RPT_VISIBLE>True</RPT_VISIBLE>
          <RPT_TEXT>Condiciones</RPT_TEXT>
          <RPT_X>483</RPT_X>
          <RPT_Y>67</RPT_Y>
          <RPT_WIDTH>61</RPT_WIDTH>
          <RPT_HEIGHT>14</RPT_HEIGHT>
          <RPT_FORECOLOR>Black, ARGB(255,0,0,0)</RPT_FORECOLOR>
          <RPT_BACKCOLOR>Transparent, ARGB(0,255,255,255)</RPT_BACKCOLOR>
          <RPT_BORDERS>None</RPT_BORDERS>
          <RPT_BORDERWIDTH>1</RPT_BORDERWIDTH>
          <RPT_BORDERCOLOR>Black, ARGB(255,0,0,0)</RPT_BORDERCOLOR>
          <RPT_ALIGNMENT>TopLeft</RPT_ALIGNMENT>
          <RPT_FONT>Microsoft Sans Serif, 8pt</RPT_FONT>
          <RPT_WORDWRAP>False</RPT_WORDWRAP>
        </ReportLabel>
        <ReportAttribute>
          <RPT_TEXT_MODE>False</RPT_TEXT_MODE>
          <RPT_INTERNAL_NAME>gxReportAttribute14</RPT_INTERNAL_NAME>
          <RPT_ID>32</RPT_ID>
          <RPT_VISIBLE>True</RPT_VISIBLE>
          <ControlName>&amp;GobMX_03043FolioFinal</ControlName>
          <AttID>&amp;GobMX_03043FolioFinal</AttID>
          <AttType>13</AttType>
          <BaseAttType>13</BaseAttType>
          <PROP_EXT_BASE_ATT_COLLECTION>False</PROP_EXT_BASE_ATT_COLLECTION>
          <GxObjClass>1</GxObjClass>
          <isVariable>True</isVariable>
          <isAttribute>False</isAttribute>
          <ColCount>10</ColCount>
          <ControlType>Edit</ControlType>
          <IsEnumerated>False</IsEnumerated>
          <RowIndex>1</RowIndex>
          <ColIndex>1</ColIndex>
          <AttNumDim>0</AttNumDim>
          <AttCollection>False</AttCollection>
          <idIsSDControl>False</idIsSDControl>
          <RPT_TEXT>Text</RPT_TEXT>
          <RPT_X>317</RPT_X>
          <RPT_Y>50</RPT_Y>
          <RPT_WIDTH>53</RPT_WIDTH>
          <RPT_WIDTH_Default>53</RPT_WIDTH_Default>
          <RPT_HEIGHT>15</RPT_HEIGHT>
          <RPT_HEIGHT_Default>15</RPT_HEIGHT_Default>
          <RPT_FORECOLOR>Black, ARGB(255,0,0,0)</RPT_FORECOLOR>
          <RPT_BACKCOLOR>Transparent, ARGB(0,255,255,255)</RPT_BACKCOLOR>
          <RPT_BORDERS>None</RPT_BORDERS>
          <RPT_BORDERWIDTH>1</RPT_BORDERWIDTH>
          <RPT_BORDERCOLOR>Black, ARGB(255,0,0,0)</RPT_BORDERCOLOR>
          <RPT_ALIGNMENT>TopLeft</RPT_ALIGNMENT>
          <RPT_FONT>Microsoft Sans Serif, 8pt</RPT_FONT>
          <GxFormat>Text</GxFormat>
          <RPT_WORDWRAP>False</RPT_WORDWRAP>
          <AttEditNameProtected>False</AttEditNameProtected>
          <IsStandardVariable>False</IsStandardVariable>
          <idIsAutoDefinedVariable>False</idIsAutoDefinedVariable>
          <AttEditDisableArrays>False</AttEditDisableArrays>
          <AttEditNewVariable>False</AttEditNewVariable>
          <AttEditDontAssign>False</AttEditDontAssign>
        </ReportAttribute>
        <ReportAttribute>
          <RPT_TEXT_MODE>False</RPT_TEXT_MODE>
          <RPT_INTERNAL_NAME>gxReportAttribute15</RPT_INTERNAL_NAME>
          <RPT_ID>33</RPT_ID>
          <RPT_VISIBLE>True</RPT_VISIBLE>
          <ControlName>&amp;GobMX_03043FolioInicial</ControlName>
          <AttID>&amp;GobMX_03043FolioInicial</AttID>
          <AttType>13</AttType>
          <BaseAttType>13</BaseAttType>
          <PROP_EXT_BASE_ATT_COLLECTION>False</PROP_EXT_BASE_ATT_COLLECTION>
          <GxObjClass>1</GxObjClass>
          <isVariable>True</isVariable>
          <isAttribute>False</isAttribute>
          <ColCount>10</ColCount>
          <ControlType>Edit</ControlType>
          <IsEnumerated>False</IsEnumerated>
          <RowIndex>1</RowIndex>
          <ColIndex>1</ColIndex>
          <AttNumDim>0</AttNumDim>
          <AttCollection>False</AttCollection>
          <idIsSDControl>False</idIsSDControl>
          <RPT_TEXT>Text</RPT_TEXT>
          <RPT_X>158</RPT_X>
          <RPT_Y>50</RPT_Y>
          <RPT_WIDTH>53</RPT_WIDTH>
          <RPT_WIDTH_Default>53</RPT_WIDTH_Default>
          <RPT_HEIGHT>15</RPT_HEIGHT>
          <RPT_HEIGHT_Default>15</RPT_HEIGHT_Default>
          <RPT_FORECOLOR>Black, ARGB(255,0,0,0)</RPT_FORECOLOR>
          <RPT_BACKCOLOR>Transparent, ARGB(0,255,255,255)</RPT_BACKCOLOR>
          <RPT_BORDERS>None</RPT_BORDERS>
          <RPT_BORDERWIDTH>1</RPT_BORDERWIDTH>
          <RPT_BORDERCOLOR>Black, ARGB(255,0,0,0)</RPT_BORDERCOLOR>
          <RPT_ALIGNMENT>TopLeft</RPT_ALIGNMENT>
          <RPT_FONT>Microsoft Sans Serif, 8pt</RPT_FONT>
          <GxFormat>Text</GxFormat>
          <RPT_WORDWRAP>False</RPT_WORDWRAP>
          <AttEditNameProtected>False</AttEditNameProtected>
          <IsStandardVariable>False</IsStandardVariable>
          <idIsAutoDefinedVariable>False</idIsAutoDefinedVariable>
          <AttEditDisableArrays>False</AttEditDisableArrays>
          <AttEditNewVariable>False</AttEditNewVariable>
          <AttEditDontAssign>False</AttEditDontAssign>
        </ReportAttribute>
        <ReportAttribute>
          <RPT_TEXT_MODE>False</RPT_TEXT_MODE>
          <RPT_INTERNAL_NAME>gxReportAttribute16</RPT_INTERNAL_NAME>
          <RPT_ID>34</RPT_ID>
          <RPT_VISIBLE>True</RPT_VISIBLE>
          <ControlName>&amp;GobMX_03043Nombre</ControlName>
          <AttID>&amp;GobMX_03043Nombre</AttID>
          <AttType>13</AttType>
          <BaseAttType>13</BaseAttType>
          <PROP_EXT_BASE_ATT_COLLECTION>False</PROP_EXT_BASE_ATT_COLLECTION>
          <GxObjClass>1</GxObjClass>
          <isVariable>True</isVariable>
          <isAttribute>False</isAttribute>
          <ColCount>100</ColCount>
          <ControlType>Edit</ControlType>
          <IsEnumerated>False</IsEnumerated>
          <RowIndex>1</RowIndex>
          <ColIndex>1</ColIndex>
          <AttNumDim>0</AttNumDim>
          <AttCollection>False</AttCollection>
          <idIsSDControl>False</idIsSDControl>
          <RPT_TEXT>Text</RPT_TEXT>
          <RPT_X>158</RPT_X>
          <RPT_Y>33</RPT_Y>
          <RPT_WIDTH>522</RPT_WIDTH>
          <RPT_WIDTH_Default>522</RPT_WIDTH_Default>
          <RPT_HEIGHT>15</RPT_HEIGHT>
          <RPT_HEIGHT_Default>15</RPT_HEIGHT_Default>
          <RPT_FORECOLOR>Black, ARGB(255,0,0,0)</RPT_FORECOLOR>
          <RPT_BACKCOLOR>Transparent, ARGB(0,255,255,255)</RPT_BACKCOLOR>
          <RPT_BORDERS>None</RPT_BORDERS>
          <RPT_BORDERWIDTH>1</RPT_BORDERWIDTH>
          <RPT_BORDERCOLOR>Black, ARGB(255,0,0,0)</RPT_BORDERCOLOR>
          <RPT_ALIGNMENT>TopLeft</RPT_ALIGNMENT>
          <RPT_FONT>Microsoft Sans Serif, 8pt</RPT_FONT>
          <GxFormat>Text</GxFormat>
          <RPT_WORDWRAP>False</RPT_WORDWRAP>
          <AttEditNameProtected>False</AttEditNameProtected>
          <IsStandardVariable>False</IsStandardVariable>
          <idIsAutoDefinedVariable>False</idIsAutoDefinedVariable>
          <AttEditDisableArrays>False</AttEditDisableArrays>
          <AttEditNewVariable>False</AttEditNewVariable>
          <AttEditDontAssign>False</AttEditDontAssign>
        </ReportAttribute>
        <ReportAttribute>
          <RPT_TEXT_MODE>False</RPT_TEXT_MODE>
          <RPT_INTERNAL_NAME>gxReportAttribute17</RPT_INTERNAL_NAME>
          <RPT_ID>35</RPT_ID>
          <RPT_VISIBLE>True</RPT_VISIBLE>
          <ControlName>&amp;GobMX_03043Id</ControlName>
          <AttID>&amp;GobMX_03043Id</AttID>
          <AttType>4</AttType>
          <BaseAttType>4</BaseAttType>
          <PROP_EXT_BASE_ATT_COLLECTION>False</PROP_EXT_BASE_ATT_COLLECTION>
          <GxObjClass>1</GxObjClass>
          <isVariable>True</isVariable>
          <isAttribute>False</isAttribute>
          <ColCount>10</ColCount>
          <ControlType>Edit</ControlType>
          <IsEnumerated>False</IsEnumerated>
          <RowIndex>1</RowIndex>
          <ColIndex>1</ColIndex>
          <AttNumDim>0</AttNumDim>
          <AttCollection>False</AttCollection>
          <idIsSDControl>False</idIsSDControl>
          <RPT_TEXT>Text</RPT_TEXT>
          <RPT_X>317</RPT_X>
          <RPT_Y>17</RPT_Y>
          <RPT_WIDTH>64</RPT_WIDTH>
          <RPT_WIDTH_Default>64</RPT_WIDTH_Default>
          <RPT_HEIGHT>15</RPT_HEIGHT>
          <RPT_HEIGHT_Default>15</RPT_HEIGHT_Default>
          <RPT_FORECOLOR>Black, ARGB(255,0,0,0)</RPT_FORECOLOR>
          <RPT_BACKCOLOR>Transparent, ARGB(0,255,255,255)</RPT_BACKCOLOR>
          <RPT_BORDERS>None</RPT_BORDERS>
          <RPT_BORDERWIDTH>1</RPT_BORDERWIDTH>
          <RPT_BORDERCOLOR>Black, ARGB(255,0,0,0)</RPT_BORDERCOLOR>
          <RPT_ALIGNMENT>TopRight</RPT_ALIGNMENT>
          <RPT_FONT>Microsoft Sans Serif, 8pt</RPT_FONT>
          <GxFormat>Text</GxFormat>
          <RPT_WORDWRAP>False</RPT_WORDWRAP>
          <AttEditNameProtected>False</AttEditNameProtected>
          <IsStandardVariable>False</IsStandardVariable>
          <idIsAutoDefinedVariable>False</idIsAutoDefinedVariable>
          <AttEditDisableArrays>False</AttEditDisableArrays>
          <AttEditNewVariable>False</AttEditNewVariable>
          <AttEditDontAssign>False</AttEditDontAssign>
        </ReportAttribute>
        <ReportAttribute>
          <RPT_TEXT_MODE>False</RPT_TEXT_MODE>
          <RPT_INTERNAL_NAME>gxReportAttribute18</RPT_INTERNAL_NAME>
          <RPT_ID>36</RPT_ID>
          <RPT_VISIBLE>True</RPT_VISIBLE>
          <ControlName>&amp;GobMX_03043Folio</ControlName>
          <AttID>&amp;GobMX_03043Folio</AttID>
          <AttType>4</AttType>
          <BaseAttType>4</BaseAttType>
          <PROP_EXT_BASE_ATT_COLLECTION>False</PROP_EXT_BASE_ATT_COLLECTION>
          <GxObjClass>1</GxObjClass>
          <isVariable>True</isVariable>
          <isAttribute>False</isAttribute>
          <ColCount>10</ColCount>
          <ControlType>Edit</ControlType>
          <IsEnumerated>False</IsEnumerated>
          <RowIndex>1</RowIndex>
          <ColIndex>1</ColIndex>
          <AttNumDim>0</AttNumDim>
          <AttCollection>False</AttCollection>
          <idIsSDControl>False</idIsSDControl>
          <RPT_TEXT>Text</RPT_TEXT>
          <RPT_X>158</RPT_X>
          <RPT_Y>17</RPT_Y>
          <RPT_WIDTH>64</RPT_WIDTH>
          <RPT_WIDTH_Default>64</RPT_WIDTH_Default>
          <RPT_HEIGHT>15</RPT_HEIGHT>
          <RPT_HEIGHT_Default>15</RPT_HEIGHT_Default>
          <RPT_FORECOLOR>Black, ARGB(255,0,0,0)</RPT_FORECOLOR>
          <RPT_BACKCOLOR>Transparent, ARGB(0,255,255,255)</RPT_BACKCOLOR>
          <RPT_BORDERS>None</RPT_BORDERS>
          <RPT_BORDERWIDTH>1</RPT_BORDERWIDTH>
          <RPT_BORDERCOLOR>Black, ARGB(255,0,0,0)</RPT_BORDERCOLOR>
          <RPT_ALIGNMENT>TopRight</RPT_ALIGNMENT>
          <RPT_FONT>Microsoft Sans Serif, 8pt</RPT_FONT>
          <GxFormat>Text</GxFormat>
          <RPT_WORDWRAP>False</RPT_WORDWRAP>
          <AttEditNameProtected>False</AttEditNameProtected>
          <IsStandardVariable>False</IsStandardVariable>
          <idIsAutoDefinedVariable>False</idIsAutoDefinedVariable>
          <AttEditDisableArrays>False</AttEditDisableArrays>
          <AttEditNewVariable>False</AttEditNewVariable>
          <AttEditDontAssign>False</AttEditDontAssign>
        </ReportAttribute>
        <ReportLabel>
          <RPT_TEXT_MODE>False</RPT_TEXT_MODE>
          <RPT_INTERNAL_NAME>gxReportLabel13</RPT_INTERNAL_NAME>
          <RPT_ID>37</RPT_ID>
          <RPT_VISIBLE>True</RPT_VISIBLE>
          <RPT_TEXT>Tipo embalaje</RPT_TEXT>
          <RPT_X>258</RPT_X>
          <RPT_Y>67</RPT_Y>
          <RPT_WIDTH>70</RPT_WIDTH>
          <RPT_HEIGHT>14</RPT_HEIGHT>
          <RPT_FORECOLOR>Black, ARGB(255,0,0,0)</RPT_FORECOLOR>
          <RPT_BACKCOLOR>Transparent, ARGB(0,255,255,255)</RPT_BACKCOLOR>
          <RPT_BORDERS>None</RPT_BORDERS>
          <RPT_BORDERWIDTH>1</RPT_BORDERWIDTH>
          <RPT_BORDERCOLOR>Black, ARGB(255,0,0,0)</RPT_BORDERCOLOR>
          <RPT_ALIGNMENT>TopLeft</RPT_ALIGNMENT>
          <RPT_FONT>Microsoft Sans Serif, 8pt</RPT_FONT>
          <RPT_WORDWRAP>False</RPT_WORDWRAP>
        </ReportLabel>
        <ReportLabel>
          <RPT_TEXT_MODE>False</RPT_TEXT_MODE>
          <RPT_INTERNAL_NAME>gxReportLabel14</RPT_INTERNAL_NAME>
          <RPT_ID>38</RPT_ID>
          <RPT_VISIBLE>True</RPT_VISIBLE>
          <RPT_TEXT>No piezas</RPT_TEXT>
          <RPT_X>100</RPT_X>
          <RPT_Y>67</RPT_Y>
          <RPT_WIDTH>50</RPT_WIDTH>
          <RPT_HEIGHT>14</RPT_HEIGHT>
          <RPT_FORECOLOR>Black, ARGB(255,0,0,0)</RPT_FORECOLOR>
          <RPT_BACKCOLOR>Transparent, ARGB(0,255,255,255)</RPT_BACKCOLOR>
          <RPT_BORDERS>None</RPT_BORDERS>
          <RPT_BORDERWIDTH>1</RPT_BORDERWIDTH>
          <RPT_BORDERCOLOR>Black, ARGB(255,0,0,0)</RPT_BORDERCOLOR>
          <RPT_ALIGNMENT>TopLeft</RPT_ALIGNMENT>
          <RPT_FONT>Microsoft Sans Serif, 8pt</RPT_FONT>
          <RPT_WORDWRAP>False</RPT_WORDWRAP>
        </ReportLabel>
        <ReportLabel>
          <RPT_TEXT_MODE>False</RPT_TEXT_MODE>
          <RPT_INTERNAL_NAME>gxReportLabel15</RPT_INTERNAL_NAME>
          <RPT_ID>39</RPT_ID>
          <RPT_VISIBLE>True</RPT_VISIBLE>
          <RPT_TEXT>Folio final</RPT_TEXT>
          <RPT_X>258</RPT_X>
          <RPT_Y>50</RPT_Y>
          <RPT_WIDTH>47</RPT_WIDTH>
          <RPT_HEIGHT>14</RPT_HEIGHT>
          <RPT_FORECOLOR>Black, ARGB(255,0,0,0)</RPT_FORECOLOR>
          <RPT_BACKCOLOR>Transparent, ARGB(0,255,255,255)</RPT_BACKCOLOR>
          <RPT_BORDERS>None</RPT_BORDERS>
          <RPT_BORDERWIDTH>1</RPT_BORDERWIDTH>
          <RPT_BORDERCOLOR>Black, ARGB(255,0,0,0)</RPT_BORDERCOLOR>
          <RPT_ALIGNMENT>TopLeft</RPT_ALIGNMENT>
          <RPT_FONT>Microsoft Sans Serif, 8pt</RPT_FONT>
          <RPT_WORDWRAP>False</RPT_WORDWRAP>
        </ReportLabel>
        <ReportLabel>
          <RPT_TEXT_MODE>False</RPT_TEXT_MODE>
          <RPT_INTERNAL_NAME>gxReportLabel16</RPT_INTERNAL_NAME>
          <RPT_ID>40</RPT_ID>
          <RPT_VISIBLE>True</RPT_VISIBLE>
          <RPT_TEXT>Folio inicial</RPT_TEXT>
          <RPT_X>100</RPT_X>
          <RPT_Y>50</RPT_Y>
          <RPT_WIDTH>54</RPT_WIDTH>
          <RPT_HEIGHT>14</RPT_HEIGHT>
          <RPT_FORECOLOR>Black, ARGB(255,0,0,0)</RPT_FORECOLOR>
          <RPT_BACKCOLOR>Transparent, ARGB(0,255,255,255)</RPT_BACKCOLOR>
          <RPT_BORDERS>None</RPT_BORDERS>
          <RPT_BORDERWIDTH>1</RPT_BORDERWIDTH>
          <RPT_BORDERCOLOR>Black, ARGB(255,0,0,0)</RPT_BORDERCOLOR>
          <RPT_ALIGNMENT>TopLeft</RPT_ALIGNMENT>
          <RPT_FONT>Microsoft Sans Serif, 8pt</RPT_FONT>
          <RPT_WORDWRAP>False</RPT_WORDWRAP>
        </ReportLabel>
        <ReportLabel>
          <RPT_TEXT_MODE>False</RPT_TEXT_MODE>
          <RPT_INTERNAL_NAME>gxReportLabel17</RPT_INTERNAL_NAME>
          <RPT_ID>41</RPT_ID>
          <RPT_VISIBLE>True</RPT_VISIBLE>
          <RPT_TEXT>Nombre</RPT_TEXT>
          <RPT_X>100</RPT_X>
          <RPT_Y>33</RPT_Y>
          <RPT_WIDTH>40</RPT_WIDTH>
          <RPT_HEIGHT>14</RPT_HEIGHT>
          <RPT_FORECOLOR>Black, ARGB(255,0,0,0)</RPT_FORECOLOR>
          <RPT_BACKCOLOR>Transparent, ARGB(0,255,255,255)</RPT_BACKCOLOR>
          <RPT_BORDERS>None</RPT_BORDERS>
          <RPT_BORDERWIDTH>1</RPT_BORDERWIDTH>
          <RPT_BORDERCOLOR>Black, ARGB(255,0,0,0)</RPT_BORDERCOLOR>
          <RPT_ALIGNMENT>TopLeft</RPT_ALIGNMENT>
          <RPT_FONT>Microsoft Sans Serif, 8pt</RPT_FONT>
          <RPT_WORDWRAP>False</RPT_WORDWRAP>
        </ReportLabel>
        <ReportLabel>
          <RPT_TEXT_MODE>False</RPT_TEXT_MODE>
          <RPT_INTERNAL_NAME>gxReportLabel18</RPT_INTERNAL_NAME>
          <RPT_ID>42</RPT_ID>
          <RPT_VISIBLE>True</RPT_VISIBLE>
          <RPT_TEXT>ID</RPT_TEXT>
          <RPT_X>258</RPT_X>
          <RPT_Y>17</RPT_Y>
          <RPT_WIDTH>12</RPT_WIDTH>
          <RPT_HEIGHT>14</RPT_HEIGHT>
          <RPT_FORECOLOR>Black, ARGB(255,0,0,0)</RPT_FORECOLOR>
          <RPT_BACKCOLOR>Transparent, ARGB(0,255,255,255)</RPT_BACKCOLOR>
          <RPT_BORDERS>None</RPT_BORDERS>
          <RPT_BORDERWIDTH>1</RPT_BORDERWIDTH>
          <RPT_BORDERCOLOR>Black, ARGB(255,0,0,0)</RPT_BORDERCOLOR>
          <RPT_ALIGNMENT>TopLeft</RPT_ALIGNMENT>
          <RPT_FONT>Microsoft Sans Serif, 8pt</RPT_FONT>
          <RPT_WORDWRAP>False</RPT_WORDWRAP>
        </ReportLabel>
        <ReportLabel>
          <RPT_TEXT_MODE>False</RPT_TEXT_MODE>
          <RPT_INTERNAL_NAME>gxReportLabel19</RPT_INTERNAL_NAME>
          <RPT_ID>43</RPT_ID>
          <RPT_VISIBLE>True</RPT_VISIBLE>
          <RPT_TEXT>Folio</RPT_TEXT>
          <RPT_X>100</RPT_X>
          <RPT_Y>17</RPT_Y>
          <RPT_WIDTH>24</RPT_WIDTH>
          <RPT_HEIGHT>14</RPT_HEIGHT>
          <RPT_FORECOLOR>Black, ARGB(255,0,0,0)</RPT_FORECOLOR>
          <RPT_BACKCOLOR>Transparent, ARGB(0,255,255,255)</RPT_BACKCOLOR>
          <RPT_BORDERS>None</RPT_BORDERS>
          <RPT_BORDERWIDTH>1</RPT_BORDERWIDTH>
          <RPT_BORDERCOLOR>Black, ARGB(255,0,0,0)</RPT_BORDERCOLOR>
          <RPT_ALIGNMENT>TopLeft</RPT_ALIGNMENT>
          <RPT_FONT>Microsoft Sans Serif, 8pt</RPT_FONT>
          <RPT_WORDWRAP>False</RPT_WORDWRAP>
        </ReportLabel>
      </Controls>
      <Properties>
        <RPT_TEXT_MODE>False</RPT_TEXT_MODE>
        <RPT_INTERNAL_NAME>INERTA</RPT_INTERNAL_NAME>
        <RPT_ID>7</RPT_ID>
        <RPT_VISIBLE>True</RPT_VISIBLE>
        <RPT_TEXT>Text</RPT_TEXT>
        <RPT_X>0</RPT_X>
        <RPT_Y>0</RPT_Y>
        <RPT_WIDTH>100</RPT_WIDTH>
        <RPT_HEIGHT>100</RPT_HEIGHT>
      </Properties>
    </PrintBlock>
    <PrintBlock>
      <Controls>
        <ReportAttribute>
          <RPT_TEXT_MODE>False</RPT_TEXT_MODE>
          <RPT_INTERNAL_NAME>gxReportAttribute2</RPT_INTERNAL_NAME>
          <RPT_ID>4</RPT_ID>
          <RPT_VISIBLE>True</RPT_VISIBLE>
          <ControlName>&amp;Page</ControlName>
          <AttID>&amp;Page</AttID>
          <AttType>4</AttType>
          <BaseAttType>4</BaseAttType>
          <PROP_EXT_BASE_ATT_COLLECTION>False</PROP_EXT_BASE_ATT_COLLECTION>
          <GxObjClass>1</GxObjClass>
          <isVariable>True</isVariable>
          <isAttribute>False</isAttribute>
          <ColCount>6</ColCount>
          <ControlType>Edit</ControlType>
          <IsEnumerated>False</IsEnumerated>
          <RowIndex>1</RowIndex>
          <ColIndex>1</ColIndex>
          <AttNumDim>0</AttNumDim>
          <AttCollection>False</AttCollection>
          <idIsSDControl>False</idIsSDControl>
          <RPT_TEXT>Text</RPT_TEXT>
          <RPT_X>758</RPT_X>
          <RPT_Y>0</RPT_Y>
          <RPT_WIDTH>39</RPT_WIDTH>
          <RPT_WIDTH_Default>39</RPT_WIDTH_Default>
          <RPT_HEIGHT>15</RPT_HEIGHT>
          <RPT_HEIGHT_Default>15</RPT_HEIGHT_Default>
          <RPT_FORECOLOR>Black, ARGB(255,0,0,0)</RPT_FORECOLOR>
          <RPT_BACKCOLOR>Transparent, ARGB(0,255,255,255)</RPT_BACKCOLOR>
          <RPT_BORDERS>None</RPT_BORDERS>
          <RPT_BORDERWIDTH>1</RPT_BORDERWIDTH>
          <RPT_BORDERCOLOR>Black, ARGB(255,0,0,0)</RPT_BORDERCOLOR>
          <RPT_ALIGNMENT>TopRight</RPT_ALIGNMENT>
          <RPT_FONT>Microsoft Sans Serif, 8pt</RPT_FONT>
          <GxFormat>Text</GxFormat>
          <RPT_WORDWRAP>False</RPT_WORDWRAP>
          <AttEditNameProtected>False</AttEditNameProtected>
          <IsStandardVariable>True</IsStandardVariable>
          <idIsAutoDefinedVariable>False</idIsAutoDefinedVariable>
          <AttEditDisableArrays>False</AttEditDisableArrays>
          <AttEditNewVariable>False</AttEditNewVariable>
          <AttEditDontAssign>False</AttEditDontAssign>
        </ReportAttribute>
        <ReportLabel>
          <RPT_TEXT_MODE>False</RPT_TEXT_MODE>
          <RPT_INTERNAL_NAME>gxReportLabel1</RPT_INTERNAL_NAME>
          <RPT_ID>5</RPT_ID>
          <RPT_VISIBLE>True</RPT_VISIBLE>
          <RPT_TEXT>Pagina</RPT_TEXT>
          <RPT_X>717</RPT_X>
          <RPT_Y>0</RPT_Y>
          <RPT_WIDTH>35</RPT_WIDTH>
          <RPT_HEIGHT>14</RPT_HEIGHT>
          <RPT_FORECOLOR>Black, ARGB(255,0,0,0)</RPT_FORECOLOR>
          <RPT_BACKCOLOR>Transparent, ARGB(0,255,255,255)</RPT_BACKCOLOR>
          <RPT_BORDERS>None</RPT_BORDERS>
          <RPT_BORDERWIDTH>1</RPT_BORDERWIDTH>
          <RPT_BORDERCOLOR>Black, ARGB(255,0,0,0)</RPT_BORDERCOLOR>
          <RPT_ALIGNMENT>TopLeft</RPT_ALIGNMENT>
          <RPT_FONT>Microsoft Sans Serif, 8pt</RPT_FONT>
          <RPT_WORDWRAP>False</RPT_WORDWRAP>
        </ReportLabel>
      </Controls>
      <Properties>
        <RPT_TEXT_MODE>False</RPT_TEXT_MODE>
        <RPT_INTERNAL_NAME>FTR</RPT_INTERNAL_NAME>
        <RPT_ID>3</RPT_ID>
        <RPT_VISIBLE>True</RPT_VISIBLE>
        <RPT_TEXT>Text</RPT_TEXT>
        <RPT_X>0</RPT_X>
        <RPT_Y>0</RPT_Y>
        <RPT_WIDTH>100</RPT_WIDTH>
        <RPT_HEIGHT>15</RPT_HEIGHT>
      </Properties>
    </PrintBlock>
  </Bands>
  <Properties>
    <RPT_TEXT_MODE>False</RPT_TEXT_MODE>
    <RPT_PAPER_SIZE>Letter</RPT_PAPER_SIZE>
    <RPT_PAPER_ORIENTATION>Portrait</RPT_PAPER_ORIENTATION>
    <RPT_PAPER_WIDTH>850</RPT_PAPER_WIDTH>
    <RPT_PAPER_HEIGHT>1100</RPT_PAPER_HEIGHT>
    <RPT_RIGHT_MARGIN>0</RPT_RIGHT_MARGIN>
    <RPT_ATT_FONT>Microsoft Sans Serif, 8pt</RPT_ATT_FONT>
    <RPT_TXT_FONT>Microsoft Sans Serif, 8pt</RPT_TXT_FONT>
  </Properties>
</Report>